---
title: diff_box_large_line_numbers
test_name: TestDiffSnapshotBox_VisualRegression_LargeLineNumbers
file_name: boxes_test.go
version: 0.1.0
---
─── Snapshot Diff ─────────────────────────────────────────────────────────────────────────────────────────────────────────

[94m  title: [0mLarge Line Numbers
[94m  test: [0mTestVisualLarge
[94m  file: [0mtestvisuallarge.snap

──────────┬─────────────────────────────────────────────────────────────────────────────────────────────────────────────────
      [90m  1[0m │ line 1
      [90m  2[0m │ line 2
      [90m  3[0m │ line 3
      [90m  4[0m │ line 4
      [90m  5[0m │ line 5
      [90m  6[0m │ line 6
      [90m  7[0m │ line 7
      [90m  8[0m │ line 8
      [90m  9[0m │ line 9
      [90m 10[0m │ line 10
      [90m 11[0m │ line 11
      [90m 12[0m │ line 12
      [90m 13[0m │ line 13
      [90m 14[0m │ line 14
      [90m 15[0m │ line 15
      [90m 16[0m │ line 16
      [90m 17[0m │ line 17
      [90m 18[0m │ line 18
      [90m 19[0m │ line 19
      [90m 20[0m │ line 20
      [90m 21[0m │ line 21
      [90m 22[0m │ line 22
      [90m 23[0m │ line 23
      [90m 24[0m │ line 24
      [90m 25[0m │ line 25
      [90m 26[0m │ line 26
      [90m 27[0m │ line 27
      [90m 28[0m │ line 28
      [90m 29[0m │ line 29
      [90m 30[0m │ line 30
      [90m 31[0m │ line 31
      [90m 32[0m │ line 32
      [90m 33[0m │ line 33
      [90m 34[0m │ line 34
      [90m 35[0m │ line 35
      [90m 36[0m │ line 36
      [90m 37[0m │ line 37
      [90m 38[0m │ line 38
      [90m 39[0m │ line 39
      [90m 40[0m │ line 40
      [90m 41[0m │ line 41
      [90m 42[0m │ line 42
      [90m 43[0m │ line 43
      [90m 44[0m │ line 44
      [90m 45[0m │ line 45
      [90m 46[0m │ line 46
      [90m 47[0m │ line 47
      [90m 48[0m │ line 48
      [90m 49[0m │ line 49
  [91m 50[0m     [91m-[0m [91mold line 50[0m
      [92m 50[0m [92m+[0m [92mnew line 50[0m
      [90m 51[0m │ line 51
      [90m 52[0m │ line 52
      [90m 53[0m │ line 53
      [90m 54[0m │ line 54
      [90m 55[0m │ line 55
      [90m 56[0m │ line 56
      [90m 57[0m │ line 57
      [90m 58[0m │ line 58
      [90m 59[0m │ line 59
      [90m 60[0m │ line 60
      [90m 61[0m │ line 61
      [90m 62[0m │ line 62
      [90m 63[0m │ line 63
      [90m 64[0m │ line 64
      [90m 65[0m │ line 65
      [90m 66[0m │ line 66
      [90m 67[0m │ line 67
      [90m 68[0m │ line 68
      [90m 69[0m │ line 69
      [90m 70[0m │ line 70
      [90m 71[0m │ line 71
      [90m 72[0m │ line 72
      [90m 73[0m │ line 73
      [90m 74[0m │ line 74
      [90m 75[0m │ line 75
      [90m 76[0m │ line 76
      [90m 77[0m │ line 77
      [90m 78[0m │ line 78
      [90m 79[0m │ line 79
      [90m 80[0m │ line 80
      [90m 81[0m │ line 81
      [90m 82[0m │ line 82
      [90m 83[0m │ line 83
      [90m 84[0m │ line 84
      [90m 85[0m │ line 85
      [90m 86[0m │ line 86
      [90m 87[0m │ line 87
      [90m 88[0m │ line 88
      [90m 89[0m │ line 89
      [90m 90[0m │ line 90
      [90m 91[0m │ line 91
      [90m 92[0m │ line 92
      [90m 93[0m │ line 93
      [90m 94[0m │ line 94
      [90m 95[0m │ line 95
      [90m 96[0m │ line 96
      [90m 97[0m │ line 97
      [90m 98[0m │ line 98
      [90m 99[0m │ line 99
  [91m100[0m     [91m-[0m [91mold line 100[0m
      [92m100[0m [92m+[0m [92mnew line 100[0m
      [90m101[0m │ line 101
      [90m102[0m │ line 102
      [90m103[0m │ line 103
      [90m104[0m │ line 104
      [90m105[0m │ line 105
──────────┴─────────────────────────────────────────────────────────────────────────────────────────────────────────────────
