---
title: diff_box_simple_modification
test_name: TestDiffSnapshotBox_VisualRegression_SimpleModification
file_name: boxes_test.go
version: 0.1.0
---
─── Snapshot Diff ─────────────────────────────────────────────────────────────────────────────────────

[94m  title: [0mVisual Test
[94m  test: [0mTestVisualSimple
[94m  file: [0mtestvisualsimple.snap

──────┬─────────────────────────────────────────────────────────────────────────────────────────────────
    [90m1[0m │ line1
  [91m2[0m   [91m-[0m [91mline2[0m
    [92m2[0m [92m+[0m [92mmodified[0m
    [90m3[0m │ line3
──────┴─────────────────────────────────────────────────────────────────────────────────────────────────
