---
title: new_snapshot_box
test_name: TestNewSnapshotBox_VisualRegression
file_name: boxes_test.go
version: 0.1.0
---
─── New Snapshot ─────────────────────────────────────────────────────────────────────────────────────

[94m  title: [0mNew Snapshot Visual
[94m  test: [0mTestNewVisual
[94m  file: [0mtest_new_visual.snap

────┬─────────────────────────────────────────────────────────────────────────────────────────────────
  [92m1[0m [92m+[0m [92mline1[0m
  [92m2[0m [92m+[0m [92mline2[0m
  [92m3[0m [92m+[0m [92mline3[0m
  [92m4[0m [92m+[0m [92mline4[0m
  [92m5[0m [92m+[0m [92mline5[0m
────┴─────────────────────────────────────────────────────────────────────────────────────────────────
