---
title: SnapJSON Real World Example
test_name: TestSnapJsonRealWorldExample
file_name: shutter_test.go
version: 0.1.0
---
{
  "data": {
    "product": {
      "description": "High-quality wireless headphones with noise cancellation",
      "id": "prod_12345",
      "inventory": {
        "available": 425,
        "damaged": 25,
        "reserved": 50,
        "total": 500
      },
      "name": "Premium Wireless Headphones",
      "price": {
        "amount": 199.99,
        "currency": "USD",
        "discount": 10,
        "final_price": 179.99
      },
      "ratings": {
        "average": 4.5,
        "breakdown": {
          "1": 20,
          "2": 30,
          "3": 100,
          "4": 350,
          "5": 750
        },
        "count": 1250
      },
      "reviews": [
        {
          "content": "Great sound quality and comfortable to wear.",
          "created_at": "2023-11-15T10:30:00Z",
          "helpful": 25,
          "id": "rev_001",
          "rating": 5,
          "title": "Excellent product!",
          "user": "john_doe"
        },
        {
          "content": "Works well, could be cheaper.",
          "created_at": "2023-11-10T14:20:00Z",
          "helpful": 12,
          "id": "rev_002",
          "rating": 4,
          "title": "Good but pricey",
          "user": "jane_smith"
        }
      ],
      "sku": "PWH-001",
      "specifications": {
        "battery_life": "30 hours",
        "colors": [
          "black",
          "white",
          "blue"
        ],
        "warranty_months": 24,
        "weight": "250g"
      }
    },
    "related_products": [
      {
        "id": "prod_12346",
        "name": "Headphone Case",
        "price": 29.99
      },
      {
        "id": "prod_12347",
        "name": "Audio Cable",
        "price": 14.99
      }
    ]
  },
  "request_id": "req_abc123def456",
  "success": true,
  "timestamp": "2023-11-18T22:00:00Z"
}