---
title: SnapJSON Array of Objects
test_name: TestSnapJsonArrayOfObjects
file_name: shutter_test.go
version: 0.1.0
---
[
  {
    "id": 1,
    "likes": 42,
    "title": "First Post",
    "type": "post",
    "views": 150
  },
  {
    "id": 2,
    "likes": 75,
    "title": "Second Post",
    "type": "post",
    "views": 280
  },
  {
    "id": 3,
    "likes": 120,
    "title": "Third Post",
    "type": "post",
    "views": 450
  }
]