---
title: SnapJSON With Numbers
test_name: TestSnapJsonWithNumbers
file_name: shutter_test.go
version: 0.1.0
---
{
  "financial": {
    "expenses": 750000.75,
    "profit_margin": 0.2499,
    "revenue": 1000000.5
  },
  "floats": [
    0,
    3.14,
    -2.5,
    0.001,
    0.000123,
    56700000000
  ],
  "integers": [
    0,
    1,
    -1,
    42,
    -100,
    9999999
  ],
  "measurements": {
    "distance": 1000.25,
    "temperature": -40.5,
    "weight": 0.5
  }
}