---
title: SnapJSON Large Nested Structure
test_name: TestSnapJsonLargeNestedStructure
file_path: 
func_name: 
version: 0.1.0
---
{
		"organization": {
			"name": "TechCorp",
			"id": "org_123",
			"departments": [
				{
					"name": "Engineering",
					"manager": "Alice",
					"teams": [
						{
							"name": "Backend",
							"lead": "John",
							"members": [
								{"id": 1, "name": "John", "level": "senior"},
								{"id": 2, "name": "Jane", "level": "mid"}
							],
							"projects": [
								{"id": "proj_1", "name": "API Service", "status": "active"},
								{"id": "proj_2", "name": "Database Optimization", "status": "planning"}
							]
						},
						{
							"name": "Frontend",
							"lead": "Bob",
							"members": [
								{"id": 3, "name": "Bob", "level": "senior"},
								{"id": 4, "name": "Carol", "level": "junior"}
							],
							"projects": [
								{"id": "proj_3", "name": "Web App", "status": "active"}
							]
						}
					]
				},
				{
					"name": "Sales",
					"manager": "Charlie",
					"teams": [
						{
							"name": "Enterprise",
							"lead": "Dave",
							"members": [
								{"id": 5, "name": "Dave", "level": "senior"},
								{"id": 6, "name": "Eve", "level": "mid"}
							],
							"projects": []
						}
					]
				}
			],
			"metadata": {
				"founded": "2020",
				"employees": 150,
				"locations": ["USA", "EU", "APAC"]
			}
		}
	}