---
title: JSON Array of Objects
test_name: TestJsonArrayOfObjects
file_name: shutter_test.go
version: 0.1.0
---
[]interface{}{
 map[string]interface{}{
  "data": map[string]interface{}{
   "name": "Alice",
   "role": "admin",
  },
  "id": 1.0,
  "type": "user",
 },
 map[string]interface{}{
  "data": map[string]interface{}{
   "author_id": 1.0,
   "likes": 42.0,
   "title": "First Post",
  },
  "id": 100.0,
  "type": "post",
 },
 map[string]interface{}{
  "data": map[string]interface{}{
   "author_id": 2.0,
   "content": "Great post!",
   "post_id": 100.0,
  },
  "id": 500.0,
  "type": "comment",
 },
}
