---
title: Nested Ignore Patterns
test_name: TestNestedIgnorePatterns
file_path: 
func_name: 
version: 0.1.0
---
{
  "admin": {},
  "user": {
    "email": "john@example.com",
    "id": 1,
    "name": "John Doe",
    "profile": {
      "bio": "Developer",
      "website": "https://example.com"
    }
  }
}