---
title: SnapJSON Mixed Types
test_name: TestSnapJsonMixedTypes
file_path: 
func_name: 
version: 0.1.0
---
{
		"mixed_array": [
			"string",
			123,
			45.67,
			true,
			false,
			null,
			{"nested": "object"},
			[1, 2, 3]
		],
		"complex": [
			{"type": "user", "id": 1},
			{"type": "post", "id": 100},
			[1, 2, 3],
			"string",
			null
		]
	}