---
title: SnapJSON Empty Structures
test_name: TestSnapJsonEmptyStructures
file_name: shutter_test.go
version: 0.1.0
---
{
  "empty_array": [],
  "empty_object": {},
  "empty_string": "",
  "false_value": false,
  "nested": {
    "also_empty": {},
    "empty": []
  },
  "null_value": null,
  "zero": 0
}