---
title: Go Struct Marshalled to JSON
test_name: TestGoStructMarshalledToJSON
file_path: 
func_name: 
version: 0.1.0
---
map[string]interface{}{
 "name": "Jane Smith",
 "email": "jane@example.com",
 "phone": "+1-555-0123",
 "address": map[string]interface{}{
  "street": "456 Oak Ave",
  "city": "San Francisco",
  "zip": "94102",
 },
 "tags": []interface{}{
  "vip",
  "verified",
  "premium",
 },
 "active": true,
 "created_at": "2023-06-15T14:30:00Z",
}
