---
title: SnapJSON Empty Structures
test_name: TestSnapJsonEmptyStructures
file_path: 
func_name: 
version: 0.1.0
---
{
		"empty_array": [],
		"empty_object": {},
		"empty_string": "",
		"zero": 0,
		"false_value": false,
		"null_value": null,
		"nested": {
			"empty": [],
			"also_empty": {}
		}
	}